

================================================================
== Vivado HLS Report for 'mult_constant'
================================================================
* Date:           Sat Oct  3 13:06:03 2020

* Version:        2019.2 (Build 2704478 on Wed Nov 06 22:10:23 MST 2019)
* Project:        mult_constant
* Solution:       solution1
* Product family: zynq
* Target device:  xc7z020-clg400-1


================================================================
== Performance Estimates
================================================================
+ Timing: 
    * Summary: 
    +--------+----------+----------+------------+
    |  Clock |  Target  | Estimated| Uncertainty|
    +--------+----------+----------+------------+
    |ap_clk  | 10.00 ns | 4.371 ns |   1.25 ns  |
    +--------+----------+----------+------------+

+ Latency: 
    * Summary: 
    +---------+---------+----------+----------+-----+-----+---------+
    |  Latency (cycles) |  Latency (absolute) |  Interval | Pipeline|
    |   min   |   max   |    min   |    max   | min | max |   Type  |
    +---------+---------+----------+----------+-----+-----+---------+
    |       36|       36| 0.360 us | 0.360 us |   36|   36|   none  |
    +---------+---------+----------+----------+-----+-----+---------+

    + Detail: 
        * Instance: 
        N/A

        * Loop: 
        +----------+---------+---------+----------+-----------+-----------+------+----------+
        |          |  Latency (cycles) | Iteration|  Initiation Interval  | Trip |          |
        | Loop Name|   min   |   max   |  Latency |  achieved |   target  | Count| Pipelined|
        +----------+---------+---------+----------+-----------+-----------+------+----------+
        |- loop    |       33|       33|         3|          1|          1|    32|    yes   |
        +----------+---------+---------+----------+-----------+-----------+------+----------+



================================================================
== Utilization Estimates
================================================================
* Summary: 
+-----------------+---------+-------+--------+-------+-----+
|       Name      | BRAM_18K| DSP48E|   FF   |  LUT  | URAM|
+-----------------+---------+-------+--------+-------+-----+
|DSP              |        -|      -|       -|      -|    -|
|Expression       |        -|      -|       0|   1067|    -|
|FIFO             |        -|      -|       -|      -|    -|
|Instance         |        0|      -|      74|    104|    -|
|Memory           |        -|      -|       -|      -|    -|
|Multiplexer      |        -|      -|       -|    486|    -|
|Register         |        -|      -|     787|      -|    -|
+-----------------+---------+-------+--------+-------+-----+
|Total            |        0|      0|     861|   1657|    0|
+-----------------+---------+-------+--------+-------+-----+
|Available        |      280|    220|  106400|  53200|    0|
+-----------------+---------+-------+--------+-------+-----+
|Utilization (%)  |        0|      0|   ~0   |      3|    0|
+-----------------+---------+-------+--------+-------+-----+

+ Detail: 
    * Instance: 
    +--------------------------------+------------------------------+---------+-------+----+-----+-----+
    |            Instance            |            Module            | BRAM_18K| DSP48E| FF | LUT | URAM|
    +--------------------------------+------------------------------+---------+-------+----+-----+-----+
    |mult_constant_AXILiteS_s_axi_U  |mult_constant_AXILiteS_s_axi  |        0|      0|  74|  104|    0|
    +--------------------------------+------------------------------+---------+-------+----+-----+-----+
    |Total                           |                              |        0|      0|  74|  104|    0|
    +--------------------------------+------------------------------+---------+-------+----+-----+-----+

    * DSP48E: 
    N/A

    * Memory: 
    N/A

    * FIFO: 
    N/A

    * Expression: 
    +----------------------------------+----------+-------+---+----+------------+------------+
    |           Variable Name          | Operation| DSP48E| FF| LUT| Bitwidth P0| Bitwidth P1|
    +----------------------------------+----------+-------+---+----+------------+------------+
    |add_ln17_fu_2409_p2               |     +    |      0|  0|  14|          10|           5|
    |add_ln214_10_fu_1968_p2           |     +    |      0|  0|  32|          32|          32|
    |add_ln214_11_fu_1973_p2           |     +    |      0|  0|  32|          32|          32|
    |add_ln214_12_fu_2011_p2           |     +    |      0|  0|  32|          32|          32|
    |add_ln214_13_fu_2016_p2           |     +    |      0|  0|  32|          32|          32|
    |add_ln214_14_fu_2054_p2           |     +    |      0|  0|  32|          32|          32|
    |add_ln214_15_fu_2059_p2           |     +    |      0|  0|  32|          32|          32|
    |add_ln214_16_fu_2097_p2           |     +    |      0|  0|  32|          32|          32|
    |add_ln214_17_fu_2102_p2           |     +    |      0|  0|  32|          32|          32|
    |add_ln214_18_fu_2140_p2           |     +    |      0|  0|  32|          32|          32|
    |add_ln214_19_fu_2145_p2           |     +    |      0|  0|  32|          32|          32|
    |add_ln214_1_fu_1758_p2            |     +    |      0|  0|  32|          32|          32|
    |add_ln214_20_fu_2183_p2           |     +    |      0|  0|  32|          32|          32|
    |add_ln214_21_fu_2188_p2           |     +    |      0|  0|  32|          32|          32|
    |add_ln214_22_fu_2226_p2           |     +    |      0|  0|  32|          32|          32|
    |add_ln214_23_fu_2231_p2           |     +    |      0|  0|  32|          32|          32|
    |add_ln214_24_fu_2269_p2           |     +    |      0|  0|  32|          32|          32|
    |add_ln214_25_fu_2274_p2           |     +    |      0|  0|  32|          32|          32|
    |add_ln214_26_fu_2312_p2           |     +    |      0|  0|  32|          32|          32|
    |add_ln214_27_fu_2317_p2           |     +    |      0|  0|  32|          32|          32|
    |add_ln214_28_fu_2355_p2           |     +    |      0|  0|  32|          32|          32|
    |add_ln214_29_fu_2360_p2           |     +    |      0|  0|  32|          32|          32|
    |add_ln214_2_fu_1796_p2            |     +    |      0|  0|  32|          32|          32|
    |add_ln214_30_fu_2398_p2           |     +    |      0|  0|  32|          32|          32|
    |add_ln214_31_fu_2403_p2           |     +    |      0|  0|  32|          32|          32|
    |add_ln214_3_fu_1801_p2            |     +    |      0|  0|  32|          32|          32|
    |add_ln214_4_fu_1839_p2            |     +    |      0|  0|  32|          32|          32|
    |add_ln214_5_fu_1844_p2            |     +    |      0|  0|  32|          32|          32|
    |add_ln214_6_fu_1882_p2            |     +    |      0|  0|  32|          32|          32|
    |add_ln214_7_fu_1887_p2            |     +    |      0|  0|  32|          32|          32|
    |add_ln214_8_fu_1925_p2            |     +    |      0|  0|  32|          32|          32|
    |add_ln214_9_fu_1930_p2            |     +    |      0|  0|  32|          32|          32|
    |add_ln214_fu_1753_p2              |     +    |      0|  0|  32|          32|          32|
    |ap_block_pp0_stage0_01001         |    and   |      0|  0|   2|           1|           1|
    |icmp_ln17_fu_1715_p2              |   icmp   |      0|  0|  13|          10|          11|
    |ap_block_pp0_stage0_11001         |    or    |      0|  0|   2|           1|           1|
    |ap_block_state3_pp0_stage0_iter0  |    or    |      0|  0|   2|           1|           1|
    |ap_block_state4_io                |    or    |      0|  0|   2|           1|           1|
    |ap_block_state5_io                |    or    |      0|  0|   2|           1|           1|
    |ap_block_state6                   |    or    |      0|  0|   2|           1|           1|
    |ap_enable_pp0                     |    xor   |      0|  0|   2|           1|           2|
    |ap_enable_reg_pp0_iter1           |    xor   |      0|  0|   2|           2|           1|
    +----------------------------------+----------+-------+---+----+------------+------------+
    |Total                             |          |      0|  0|1067|        1053|        1049|
    +----------------------------------+----------+-------+---+----+------------+------------+

    * Multiplexer: 
    +--------------------------+----+-----------+-----+-----------+
    |           Name           | LUT| Input Size| Bits| Total Bits|
    +--------------------------+----+-----------+-----+-----------+
    |ap_NS_fsm                 |  27|          5|    1|          5|
    |ap_enable_reg_pp0_iter1   |   9|          2|    1|          2|
    |ap_enable_reg_pp0_iter2   |   9|          2|    1|          2|
    |i_0_0_reg_1704            |   9|          2|   10|         20|
    |in_data_A_0_TDATA_blk_n   |   9|          2|    1|          2|
    |in_data_A_10_TDATA_blk_n  |   9|          2|    1|          2|
    |in_data_A_11_TDATA_blk_n  |   9|          2|    1|          2|
    |in_data_A_12_TDATA_blk_n  |   9|          2|    1|          2|
    |in_data_A_13_TDATA_blk_n  |   9|          2|    1|          2|
    |in_data_A_14_TDATA_blk_n  |   9|          2|    1|          2|
    |in_data_A_15_TDATA_blk_n  |   9|          2|    1|          2|
    |in_data_A_1_TDATA_blk_n   |   9|          2|    1|          2|
    |in_data_A_2_TDATA_blk_n   |   9|          2|    1|          2|
    |in_data_A_3_TDATA_blk_n   |   9|          2|    1|          2|
    |in_data_A_4_TDATA_blk_n   |   9|          2|    1|          2|
    |in_data_A_5_TDATA_blk_n   |   9|          2|    1|          2|
    |in_data_A_6_TDATA_blk_n   |   9|          2|    1|          2|
    |in_data_A_7_TDATA_blk_n   |   9|          2|    1|          2|
    |in_data_A_8_TDATA_blk_n   |   9|          2|    1|          2|
    |in_data_A_9_TDATA_blk_n   |   9|          2|    1|          2|
    |in_data_B_0_TDATA_blk_n   |   9|          2|    1|          2|
    |in_data_B_10_TDATA_blk_n  |   9|          2|    1|          2|
    |in_data_B_11_TDATA_blk_n  |   9|          2|    1|          2|
    |in_data_B_12_TDATA_blk_n  |   9|          2|    1|          2|
    |in_data_B_13_TDATA_blk_n  |   9|          2|    1|          2|
    |in_data_B_14_TDATA_blk_n  |   9|          2|    1|          2|
    |in_data_B_15_TDATA_blk_n  |   9|          2|    1|          2|
    |in_data_B_1_TDATA_blk_n   |   9|          2|    1|          2|
    |in_data_B_2_TDATA_blk_n   |   9|          2|    1|          2|
    |in_data_B_3_TDATA_blk_n   |   9|          2|    1|          2|
    |in_data_B_4_TDATA_blk_n   |   9|          2|    1|          2|
    |in_data_B_5_TDATA_blk_n   |   9|          2|    1|          2|
    |in_data_B_6_TDATA_blk_n   |   9|          2|    1|          2|
    |in_data_B_7_TDATA_blk_n   |   9|          2|    1|          2|
    |in_data_B_8_TDATA_blk_n   |   9|          2|    1|          2|
    |in_data_B_9_TDATA_blk_n   |   9|          2|    1|          2|
    |out_data_0_TDATA_blk_n    |   9|          2|    1|          2|
    |out_data_10_TDATA_blk_n   |   9|          2|    1|          2|
    |out_data_11_TDATA_blk_n   |   9|          2|    1|          2|
    |out_data_12_TDATA_blk_n   |   9|          2|    1|          2|
    |out_data_13_TDATA_blk_n   |   9|          2|    1|          2|
    |out_data_14_TDATA_blk_n   |   9|          2|    1|          2|
    |out_data_15_TDATA_blk_n   |   9|          2|    1|          2|
    |out_data_1_TDATA_blk_n    |   9|          2|    1|          2|
    |out_data_2_TDATA_blk_n    |   9|          2|    1|          2|
    |out_data_3_TDATA_blk_n    |   9|          2|    1|          2|
    |out_data_4_TDATA_blk_n    |   9|          2|    1|          2|
    |out_data_5_TDATA_blk_n    |   9|          2|    1|          2|
    |out_data_6_TDATA_blk_n    |   9|          2|    1|          2|
    |out_data_7_TDATA_blk_n    |   9|          2|    1|          2|
    |out_data_8_TDATA_blk_n    |   9|          2|    1|          2|
    |out_data_9_TDATA_blk_n    |   9|          2|    1|          2|
    +--------------------------+----+-----------+-----+-----------+
    |Total                     | 486|        107|   61|        125|
    +--------------------------+----+-----------+-----+-----------+

    * Register: 
    +----------------------------------+----+----+-----+-----------+
    |               Name               | FF | LUT| Bits| Const Bits|
    +----------------------------------+----+----+-----+-----------+
    |add_ln214_11_reg_2644             |  32|   0|   32|          0|
    |add_ln214_13_reg_2679             |  32|   0|   32|          0|
    |add_ln214_15_reg_2714             |  32|   0|   32|          0|
    |add_ln214_17_reg_2749             |  32|   0|   32|          0|
    |add_ln214_19_reg_2784             |  32|   0|   32|          0|
    |add_ln214_1_reg_2469              |  32|   0|   32|          0|
    |add_ln214_21_reg_2819             |  32|   0|   32|          0|
    |add_ln214_23_reg_2854             |  32|   0|   32|          0|
    |add_ln214_25_reg_2889             |  32|   0|   32|          0|
    |add_ln214_27_reg_2924             |  32|   0|   32|          0|
    |add_ln214_29_reg_2959             |  32|   0|   32|          0|
    |add_ln214_31_reg_2994             |  32|   0|   32|          0|
    |add_ln214_3_reg_2504              |  32|   0|   32|          0|
    |add_ln214_5_reg_2539              |  32|   0|   32|          0|
    |add_ln214_7_reg_2574              |  32|   0|   32|          0|
    |add_ln214_9_reg_2609              |  32|   0|   32|          0|
    |ap_CS_fsm                         |   4|   0|    4|          0|
    |ap_enable_reg_pp0_iter0           |   1|   0|    1|          0|
    |ap_enable_reg_pp0_iter1           |   1|   0|    1|          0|
    |ap_enable_reg_pp0_iter2           |   1|   0|    1|          0|
    |constant_V_0_data_reg             |  32|   0|   32|          0|
    |constant_V_0_vld_reg              |   0|   0|    1|          1|
    |constant_V_read_reg_2415          |  32|   0|   32|          0|
    |i_0_0_reg_1704                    |  10|   0|   10|          0|
    |icmp_ln17_reg_2435                |   1|   0|    1|          0|
    |icmp_ln17_reg_2435_pp0_iter1_reg  |   1|   0|    1|          0|
    |in_data_B_0_dest_V_s_reg_2464     |   1|   0|    1|          0|
    |in_data_B_0_id_V_tm_reg_2459      |   1|   0|    1|          0|
    |in_data_B_0_keep_V_s_reg_2439     |   4|   0|    4|          0|
    |in_data_B_0_last_V_s_reg_2454     |   1|   0|    1|          0|
    |in_data_B_0_strb_V_s_reg_2444     |   4|   0|    4|          0|
    |in_data_B_0_user_V_s_reg_2449     |   1|   0|    1|          0|
    |in_data_B_10_dest_V_1_reg_2814    |   1|   0|    1|          0|
    |in_data_B_10_id_V_t_reg_2809      |   1|   0|    1|          0|
    |in_data_B_10_keep_V_1_reg_2789    |   4|   0|    4|          0|
    |in_data_B_10_last_V_1_reg_2804    |   1|   0|    1|          0|
    |in_data_B_10_strb_V_1_reg_2794    |   4|   0|    4|          0|
    |in_data_B_10_user_V_1_reg_2799    |   1|   0|    1|          0|
    |in_data_B_11_dest_V_1_reg_2849    |   1|   0|    1|          0|
    |in_data_B_11_id_V_t_reg_2844      |   1|   0|    1|          0|
    |in_data_B_11_keep_V_1_reg_2824    |   4|   0|    4|          0|
    |in_data_B_11_last_V_1_reg_2839    |   1|   0|    1|          0|
    |in_data_B_11_strb_V_1_reg_2829    |   4|   0|    4|          0|
    |in_data_B_11_user_V_1_reg_2834    |   1|   0|    1|          0|
    |in_data_B_12_dest_V_1_reg_2884    |   1|   0|    1|          0|
    |in_data_B_12_id_V_t_reg_2879      |   1|   0|    1|          0|
    |in_data_B_12_keep_V_1_reg_2859    |   4|   0|    4|          0|
    |in_data_B_12_last_V_1_reg_2874    |   1|   0|    1|          0|
    |in_data_B_12_strb_V_1_reg_2864    |   4|   0|    4|          0|
    |in_data_B_12_user_V_1_reg_2869    |   1|   0|    1|          0|
    |in_data_B_13_dest_V_1_reg_2919    |   1|   0|    1|          0|
    |in_data_B_13_id_V_t_reg_2914      |   1|   0|    1|          0|
    |in_data_B_13_keep_V_1_reg_2894    |   4|   0|    4|          0|
    |in_data_B_13_last_V_1_reg_2909    |   1|   0|    1|          0|
    |in_data_B_13_strb_V_1_reg_2899    |   4|   0|    4|          0|
    |in_data_B_13_user_V_1_reg_2904    |   1|   0|    1|          0|
    |in_data_B_14_dest_V_1_reg_2954    |   1|   0|    1|          0|
    |in_data_B_14_id_V_t_reg_2949      |   1|   0|    1|          0|
    |in_data_B_14_keep_V_1_reg_2929    |   4|   0|    4|          0|
    |in_data_B_14_last_V_1_reg_2944    |   1|   0|    1|          0|
    |in_data_B_14_strb_V_1_reg_2934    |   4|   0|    4|          0|
    |in_data_B_14_user_V_1_reg_2939    |   1|   0|    1|          0|
    |in_data_B_15_dest_V_1_reg_2989    |   1|   0|    1|          0|
    |in_data_B_15_id_V_t_reg_2984      |   1|   0|    1|          0|
    |in_data_B_15_keep_V_1_reg_2964    |   4|   0|    4|          0|
    |in_data_B_15_last_V_1_reg_2979    |   1|   0|    1|          0|
    |in_data_B_15_strb_V_1_reg_2969    |   4|   0|    4|          0|
    |in_data_B_15_user_V_1_reg_2974    |   1|   0|    1|          0|
    |in_data_B_1_dest_V_s_reg_2499     |   1|   0|    1|          0|
    |in_data_B_1_id_V_tm_reg_2494      |   1|   0|    1|          0|
    |in_data_B_1_keep_V_s_reg_2474     |   4|   0|    4|          0|
    |in_data_B_1_last_V_s_reg_2489     |   1|   0|    1|          0|
    |in_data_B_1_strb_V_s_reg_2479     |   4|   0|    4|          0|
    |in_data_B_1_user_V_s_reg_2484     |   1|   0|    1|          0|
    |in_data_B_2_dest_V_s_reg_2534     |   1|   0|    1|          0|
    |in_data_B_2_id_V_tm_reg_2529      |   1|   0|    1|          0|
    |in_data_B_2_keep_V_s_reg_2509     |   4|   0|    4|          0|
    |in_data_B_2_last_V_s_reg_2524     |   1|   0|    1|          0|
    |in_data_B_2_strb_V_s_reg_2514     |   4|   0|    4|          0|
    |in_data_B_2_user_V_s_reg_2519     |   1|   0|    1|          0|
    |in_data_B_3_dest_V_s_reg_2569     |   1|   0|    1|          0|
    |in_data_B_3_id_V_tm_reg_2564      |   1|   0|    1|          0|
    |in_data_B_3_keep_V_s_reg_2544     |   4|   0|    4|          0|
    |in_data_B_3_last_V_s_reg_2559     |   1|   0|    1|          0|
    |in_data_B_3_strb_V_s_reg_2549     |   4|   0|    4|          0|
    |in_data_B_3_user_V_s_reg_2554     |   1|   0|    1|          0|
    |in_data_B_4_dest_V_s_reg_2604     |   1|   0|    1|          0|
    |in_data_B_4_id_V_tm_reg_2599      |   1|   0|    1|          0|
    |in_data_B_4_keep_V_s_reg_2579     |   4|   0|    4|          0|
    |in_data_B_4_last_V_s_reg_2594     |   1|   0|    1|          0|
    |in_data_B_4_strb_V_s_reg_2584     |   4|   0|    4|          0|
    |in_data_B_4_user_V_s_reg_2589     |   1|   0|    1|          0|
    |in_data_B_5_dest_V_s_reg_2639     |   1|   0|    1|          0|
    |in_data_B_5_id_V_tm_reg_2634      |   1|   0|    1|          0|
    |in_data_B_5_keep_V_s_reg_2614     |   4|   0|    4|          0|
    |in_data_B_5_last_V_s_reg_2629     |   1|   0|    1|          0|
    |in_data_B_5_strb_V_s_reg_2619     |   4|   0|    4|          0|
    |in_data_B_5_user_V_s_reg_2624     |   1|   0|    1|          0|
    |in_data_B_6_dest_V_s_reg_2674     |   1|   0|    1|          0|
    |in_data_B_6_id_V_tm_reg_2669      |   1|   0|    1|          0|
    |in_data_B_6_keep_V_s_reg_2649     |   4|   0|    4|          0|
    |in_data_B_6_last_V_s_reg_2664     |   1|   0|    1|          0|
    |in_data_B_6_strb_V_s_reg_2654     |   4|   0|    4|          0|
    |in_data_B_6_user_V_s_reg_2659     |   1|   0|    1|          0|
    |in_data_B_7_dest_V_s_reg_2709     |   1|   0|    1|          0|
    |in_data_B_7_id_V_tm_reg_2704      |   1|   0|    1|          0|
    |in_data_B_7_keep_V_s_reg_2684     |   4|   0|    4|          0|
    |in_data_B_7_last_V_s_reg_2699     |   1|   0|    1|          0|
    |in_data_B_7_strb_V_s_reg_2689     |   4|   0|    4|          0|
    |in_data_B_7_user_V_s_reg_2694     |   1|   0|    1|          0|
    |in_data_B_8_dest_V_s_reg_2744     |   1|   0|    1|          0|
    |in_data_B_8_id_V_tm_reg_2739      |   1|   0|    1|          0|
    |in_data_B_8_keep_V_s_reg_2719     |   4|   0|    4|          0|
    |in_data_B_8_last_V_s_reg_2734     |   1|   0|    1|          0|
    |in_data_B_8_strb_V_s_reg_2724     |   4|   0|    4|          0|
    |in_data_B_8_user_V_s_reg_2729     |   1|   0|    1|          0|
    |in_data_B_9_dest_V_s_reg_2779     |   1|   0|    1|          0|
    |in_data_B_9_id_V_tm_reg_2774      |   1|   0|    1|          0|
    |in_data_B_9_keep_V_s_reg_2754     |   4|   0|    4|          0|
    |in_data_B_9_last_V_s_reg_2769     |   1|   0|    1|          0|
    |in_data_B_9_strb_V_s_reg_2759     |   4|   0|    4|          0|
    |in_data_B_9_user_V_s_reg_2764     |   1|   0|    1|          0|
    +----------------------------------+----+----+-----+-----------+
    |Total                             | 787|   0|  788|          1|
    +----------------------------------+----+----+-----+-----------+



================================================================
== Interface
================================================================
* Summary: 
+------------------------+-----+-----+------------+---------------------+--------------+
|        RTL Ports       | Dir | Bits|  Protocol  |    Source Object    |    C Type    |
+------------------------+-----+-----+------------+---------------------+--------------+
|s_axi_AXILiteS_AWVALID  |  in |    1|    s_axi   |       AXILiteS      |    scalar    |
|s_axi_AXILiteS_AWREADY  | out |    1|    s_axi   |       AXILiteS      |    scalar    |
|s_axi_AXILiteS_AWADDR   |  in |    5|    s_axi   |       AXILiteS      |    scalar    |
|s_axi_AXILiteS_WVALID   |  in |    1|    s_axi   |       AXILiteS      |    scalar    |
|s_axi_AXILiteS_WREADY   | out |    1|    s_axi   |       AXILiteS      |    scalar    |
|s_axi_AXILiteS_WDATA    |  in |   32|    s_axi   |       AXILiteS      |    scalar    |
|s_axi_AXILiteS_WSTRB    |  in |    4|    s_axi   |       AXILiteS      |    scalar    |
|s_axi_AXILiteS_ARVALID  |  in |    1|    s_axi   |       AXILiteS      |    scalar    |
|s_axi_AXILiteS_ARREADY  | out |    1|    s_axi   |       AXILiteS      |    scalar    |
|s_axi_AXILiteS_ARADDR   |  in |    5|    s_axi   |       AXILiteS      |    scalar    |
|s_axi_AXILiteS_RVALID   | out |    1|    s_axi   |       AXILiteS      |    scalar    |
|s_axi_AXILiteS_RREADY   |  in |    1|    s_axi   |       AXILiteS      |    scalar    |
|s_axi_AXILiteS_RDATA    | out |   32|    s_axi   |       AXILiteS      |    scalar    |
|s_axi_AXILiteS_RRESP    | out |    2|    s_axi   |       AXILiteS      |    scalar    |
|s_axi_AXILiteS_BVALID   | out |    1|    s_axi   |       AXILiteS      |    scalar    |
|s_axi_AXILiteS_BREADY   |  in |    1|    s_axi   |       AXILiteS      |    scalar    |
|s_axi_AXILiteS_BRESP    | out |    2|    s_axi   |       AXILiteS      |    scalar    |
|ap_clk                  |  in |    1| ap_ctrl_hs |    mult_constant    | return value |
|ap_rst_n                |  in |    1| ap_ctrl_hs |    mult_constant    | return value |
|interrupt               | out |    1| ap_ctrl_hs |    mult_constant    | return value |
|in_data_A_0_TDATA       |  in |   32|    axis    |  in_data_A_0_data_V |    pointer   |
|in_data_A_0_TVALID      |  in |    1|    axis    |  in_data_A_0_dest_V |    pointer   |
|in_data_A_0_TREADY      | out |    1|    axis    |  in_data_A_0_dest_V |    pointer   |
|in_data_A_0_TDEST       |  in |    1|    axis    |  in_data_A_0_dest_V |    pointer   |
|in_data_A_1_TDATA       |  in |   32|    axis    |  in_data_A_1_data_V |    pointer   |
|in_data_A_1_TVALID      |  in |    1|    axis    |  in_data_A_1_dest_V |    pointer   |
|in_data_A_1_TREADY      | out |    1|    axis    |  in_data_A_1_dest_V |    pointer   |
|in_data_A_1_TDEST       |  in |    1|    axis    |  in_data_A_1_dest_V |    pointer   |
|in_data_A_2_TDATA       |  in |   32|    axis    |  in_data_A_2_data_V |    pointer   |
|in_data_A_2_TVALID      |  in |    1|    axis    |  in_data_A_2_dest_V |    pointer   |
|in_data_A_2_TREADY      | out |    1|    axis    |  in_data_A_2_dest_V |    pointer   |
|in_data_A_2_TDEST       |  in |    1|    axis    |  in_data_A_2_dest_V |    pointer   |
|in_data_A_3_TDATA       |  in |   32|    axis    |  in_data_A_3_data_V |    pointer   |
|in_data_A_3_TVALID      |  in |    1|    axis    |  in_data_A_3_dest_V |    pointer   |
|in_data_A_3_TREADY      | out |    1|    axis    |  in_data_A_3_dest_V |    pointer   |
|in_data_A_3_TDEST       |  in |    1|    axis    |  in_data_A_3_dest_V |    pointer   |
|in_data_A_4_TDATA       |  in |   32|    axis    |  in_data_A_4_data_V |    pointer   |
|in_data_A_4_TVALID      |  in |    1|    axis    |  in_data_A_4_dest_V |    pointer   |
|in_data_A_4_TREADY      | out |    1|    axis    |  in_data_A_4_dest_V |    pointer   |
|in_data_A_4_TDEST       |  in |    1|    axis    |  in_data_A_4_dest_V |    pointer   |
|in_data_A_5_TDATA       |  in |   32|    axis    |  in_data_A_5_data_V |    pointer   |
|in_data_A_5_TVALID      |  in |    1|    axis    |  in_data_A_5_dest_V |    pointer   |
|in_data_A_5_TREADY      | out |    1|    axis    |  in_data_A_5_dest_V |    pointer   |
|in_data_A_5_TDEST       |  in |    1|    axis    |  in_data_A_5_dest_V |    pointer   |
|in_data_A_6_TDATA       |  in |   32|    axis    |  in_data_A_6_data_V |    pointer   |
|in_data_A_6_TVALID      |  in |    1|    axis    |  in_data_A_6_dest_V |    pointer   |
|in_data_A_6_TREADY      | out |    1|    axis    |  in_data_A_6_dest_V |    pointer   |
|in_data_A_6_TDEST       |  in |    1|    axis    |  in_data_A_6_dest_V |    pointer   |
|in_data_A_7_TDATA       |  in |   32|    axis    |  in_data_A_7_data_V |    pointer   |
|in_data_A_7_TVALID      |  in |    1|    axis    |  in_data_A_7_dest_V |    pointer   |
|in_data_A_7_TREADY      | out |    1|    axis    |  in_data_A_7_dest_V |    pointer   |
|in_data_A_7_TDEST       |  in |    1|    axis    |  in_data_A_7_dest_V |    pointer   |
|in_data_A_8_TDATA       |  in |   32|    axis    |  in_data_A_8_data_V |    pointer   |
|in_data_A_8_TVALID      |  in |    1|    axis    |  in_data_A_8_dest_V |    pointer   |
|in_data_A_8_TREADY      | out |    1|    axis    |  in_data_A_8_dest_V |    pointer   |
|in_data_A_8_TDEST       |  in |    1|    axis    |  in_data_A_8_dest_V |    pointer   |
|in_data_A_9_TDATA       |  in |   32|    axis    |  in_data_A_9_data_V |    pointer   |
|in_data_A_9_TVALID      |  in |    1|    axis    |  in_data_A_9_dest_V |    pointer   |
|in_data_A_9_TREADY      | out |    1|    axis    |  in_data_A_9_dest_V |    pointer   |
|in_data_A_9_TDEST       |  in |    1|    axis    |  in_data_A_9_dest_V |    pointer   |
|in_data_A_10_TDATA      |  in |   32|    axis    | in_data_A_10_data_V |    pointer   |
|in_data_A_10_TVALID     |  in |    1|    axis    | in_data_A_10_dest_V |    pointer   |
|in_data_A_10_TREADY     | out |    1|    axis    | in_data_A_10_dest_V |    pointer   |
|in_data_A_10_TDEST      |  in |    1|    axis    | in_data_A_10_dest_V |    pointer   |
|in_data_A_11_TDATA      |  in |   32|    axis    | in_data_A_11_data_V |    pointer   |
|in_data_A_11_TVALID     |  in |    1|    axis    | in_data_A_11_dest_V |    pointer   |
|in_data_A_11_TREADY     | out |    1|    axis    | in_data_A_11_dest_V |    pointer   |
|in_data_A_11_TDEST      |  in |    1|    axis    | in_data_A_11_dest_V |    pointer   |
|in_data_A_12_TDATA      |  in |   32|    axis    | in_data_A_12_data_V |    pointer   |
|in_data_A_12_TVALID     |  in |    1|    axis    | in_data_A_12_dest_V |    pointer   |
|in_data_A_12_TREADY     | out |    1|    axis    | in_data_A_12_dest_V |    pointer   |
|in_data_A_12_TDEST      |  in |    1|    axis    | in_data_A_12_dest_V |    pointer   |
|in_data_A_13_TDATA      |  in |   32|    axis    | in_data_A_13_data_V |    pointer   |
|in_data_A_13_TVALID     |  in |    1|    axis    | in_data_A_13_dest_V |    pointer   |
|in_data_A_13_TREADY     | out |    1|    axis    | in_data_A_13_dest_V |    pointer   |
|in_data_A_13_TDEST      |  in |    1|    axis    | in_data_A_13_dest_V |    pointer   |
|in_data_A_14_TDATA      |  in |   32|    axis    | in_data_A_14_data_V |    pointer   |
|in_data_A_14_TVALID     |  in |    1|    axis    | in_data_A_14_dest_V |    pointer   |
|in_data_A_14_TREADY     | out |    1|    axis    | in_data_A_14_dest_V |    pointer   |
|in_data_A_14_TDEST      |  in |    1|    axis    | in_data_A_14_dest_V |    pointer   |
|in_data_A_15_TDATA      |  in |   32|    axis    | in_data_A_15_data_V |    pointer   |
|in_data_A_15_TVALID     |  in |    1|    axis    | in_data_A_15_dest_V |    pointer   |
|in_data_A_15_TREADY     | out |    1|    axis    | in_data_A_15_dest_V |    pointer   |
|in_data_A_15_TDEST      |  in |    1|    axis    | in_data_A_15_dest_V |    pointer   |
|in_data_A_0_TKEEP       |  in |    4|    axis    |  in_data_A_0_keep_V |    pointer   |
|in_data_A_1_TKEEP       |  in |    4|    axis    |  in_data_A_1_keep_V |    pointer   |
|in_data_A_2_TKEEP       |  in |    4|    axis    |  in_data_A_2_keep_V |    pointer   |
|in_data_A_3_TKEEP       |  in |    4|    axis    |  in_data_A_3_keep_V |    pointer   |
|in_data_A_4_TKEEP       |  in |    4|    axis    |  in_data_A_4_keep_V |    pointer   |
|in_data_A_5_TKEEP       |  in |    4|    axis    |  in_data_A_5_keep_V |    pointer   |
|in_data_A_6_TKEEP       |  in |    4|    axis    |  in_data_A_6_keep_V |    pointer   |
|in_data_A_7_TKEEP       |  in |    4|    axis    |  in_data_A_7_keep_V |    pointer   |
|in_data_A_8_TKEEP       |  in |    4|    axis    |  in_data_A_8_keep_V |    pointer   |
|in_data_A_9_TKEEP       |  in |    4|    axis    |  in_data_A_9_keep_V |    pointer   |
|in_data_A_10_TKEEP      |  in |    4|    axis    | in_data_A_10_keep_V |    pointer   |
|in_data_A_11_TKEEP      |  in |    4|    axis    | in_data_A_11_keep_V |    pointer   |
|in_data_A_12_TKEEP      |  in |    4|    axis    | in_data_A_12_keep_V |    pointer   |
|in_data_A_13_TKEEP      |  in |    4|    axis    | in_data_A_13_keep_V |    pointer   |
|in_data_A_14_TKEEP      |  in |    4|    axis    | in_data_A_14_keep_V |    pointer   |
|in_data_A_15_TKEEP      |  in |    4|    axis    | in_data_A_15_keep_V |    pointer   |
|in_data_A_0_TSTRB       |  in |    4|    axis    |  in_data_A_0_strb_V |    pointer   |
|in_data_A_1_TSTRB       |  in |    4|    axis    |  in_data_A_1_strb_V |    pointer   |
|in_data_A_2_TSTRB       |  in |    4|    axis    |  in_data_A_2_strb_V |    pointer   |
|in_data_A_3_TSTRB       |  in |    4|    axis    |  in_data_A_3_strb_V |    pointer   |
|in_data_A_4_TSTRB       |  in |    4|    axis    |  in_data_A_4_strb_V |    pointer   |
|in_data_A_5_TSTRB       |  in |    4|    axis    |  in_data_A_5_strb_V |    pointer   |
|in_data_A_6_TSTRB       |  in |    4|    axis    |  in_data_A_6_strb_V |    pointer   |
|in_data_A_7_TSTRB       |  in |    4|    axis    |  in_data_A_7_strb_V |    pointer   |
|in_data_A_8_TSTRB       |  in |    4|    axis    |  in_data_A_8_strb_V |    pointer   |
|in_data_A_9_TSTRB       |  in |    4|    axis    |  in_data_A_9_strb_V |    pointer   |
|in_data_A_10_TSTRB      |  in |    4|    axis    | in_data_A_10_strb_V |    pointer   |
|in_data_A_11_TSTRB      |  in |    4|    axis    | in_data_A_11_strb_V |    pointer   |
|in_data_A_12_TSTRB      |  in |    4|    axis    | in_data_A_12_strb_V |    pointer   |
|in_data_A_13_TSTRB      |  in |    4|    axis    | in_data_A_13_strb_V |    pointer   |
|in_data_A_14_TSTRB      |  in |    4|    axis    | in_data_A_14_strb_V |    pointer   |
|in_data_A_15_TSTRB      |  in |    4|    axis    | in_data_A_15_strb_V |    pointer   |
|in_data_A_0_TUSER       |  in |    1|    axis    |  in_data_A_0_user_V |    pointer   |
|in_data_A_1_TUSER       |  in |    1|    axis    |  in_data_A_1_user_V |    pointer   |
|in_data_A_2_TUSER       |  in |    1|    axis    |  in_data_A_2_user_V |    pointer   |
|in_data_A_3_TUSER       |  in |    1|    axis    |  in_data_A_3_user_V |    pointer   |
|in_data_A_4_TUSER       |  in |    1|    axis    |  in_data_A_4_user_V |    pointer   |
|in_data_A_5_TUSER       |  in |    1|    axis    |  in_data_A_5_user_V |    pointer   |
|in_data_A_6_TUSER       |  in |    1|    axis    |  in_data_A_6_user_V |    pointer   |
|in_data_A_7_TUSER       |  in |    1|    axis    |  in_data_A_7_user_V |    pointer   |
|in_data_A_8_TUSER       |  in |    1|    axis    |  in_data_A_8_user_V |    pointer   |
|in_data_A_9_TUSER       |  in |    1|    axis    |  in_data_A_9_user_V |    pointer   |
|in_data_A_10_TUSER      |  in |    1|    axis    | in_data_A_10_user_V |    pointer   |
|in_data_A_11_TUSER      |  in |    1|    axis    | in_data_A_11_user_V |    pointer   |
|in_data_A_12_TUSER      |  in |    1|    axis    | in_data_A_12_user_V |    pointer   |
|in_data_A_13_TUSER      |  in |    1|    axis    | in_data_A_13_user_V |    pointer   |
|in_data_A_14_TUSER      |  in |    1|    axis    | in_data_A_14_user_V |    pointer   |
|in_data_A_15_TUSER      |  in |    1|    axis    | in_data_A_15_user_V |    pointer   |
|in_data_A_0_TLAST       |  in |    1|    axis    |  in_data_A_0_last_V |    pointer   |
|in_data_A_1_TLAST       |  in |    1|    axis    |  in_data_A_1_last_V |    pointer   |
|in_data_A_2_TLAST       |  in |    1|    axis    |  in_data_A_2_last_V |    pointer   |
|in_data_A_3_TLAST       |  in |    1|    axis    |  in_data_A_3_last_V |    pointer   |
|in_data_A_4_TLAST       |  in |    1|    axis    |  in_data_A_4_last_V |    pointer   |
|in_data_A_5_TLAST       |  in |    1|    axis    |  in_data_A_5_last_V |    pointer   |
|in_data_A_6_TLAST       |  in |    1|    axis    |  in_data_A_6_last_V |    pointer   |
|in_data_A_7_TLAST       |  in |    1|    axis    |  in_data_A_7_last_V |    pointer   |
|in_data_A_8_TLAST       |  in |    1|    axis    |  in_data_A_8_last_V |    pointer   |
|in_data_A_9_TLAST       |  in |    1|    axis    |  in_data_A_9_last_V |    pointer   |
|in_data_A_10_TLAST      |  in |    1|    axis    | in_data_A_10_last_V |    pointer   |
|in_data_A_11_TLAST      |  in |    1|    axis    | in_data_A_11_last_V |    pointer   |
|in_data_A_12_TLAST      |  in |    1|    axis    | in_data_A_12_last_V |    pointer   |
|in_data_A_13_TLAST      |  in |    1|    axis    | in_data_A_13_last_V |    pointer   |
|in_data_A_14_TLAST      |  in |    1|    axis    | in_data_A_14_last_V |    pointer   |
|in_data_A_15_TLAST      |  in |    1|    axis    | in_data_A_15_last_V |    pointer   |
|in_data_A_0_TID         |  in |    1|    axis    |   in_data_A_0_id_V  |    pointer   |
|in_data_A_1_TID         |  in |    1|    axis    |   in_data_A_1_id_V  |    pointer   |
|in_data_A_2_TID         |  in |    1|    axis    |   in_data_A_2_id_V  |    pointer   |
|in_data_A_3_TID         |  in |    1|    axis    |   in_data_A_3_id_V  |    pointer   |
|in_data_A_4_TID         |  in |    1|    axis    |   in_data_A_4_id_V  |    pointer   |
|in_data_A_5_TID         |  in |    1|    axis    |   in_data_A_5_id_V  |    pointer   |
|in_data_A_6_TID         |  in |    1|    axis    |   in_data_A_6_id_V  |    pointer   |
|in_data_A_7_TID         |  in |    1|    axis    |   in_data_A_7_id_V  |    pointer   |
|in_data_A_8_TID         |  in |    1|    axis    |   in_data_A_8_id_V  |    pointer   |
|in_data_A_9_TID         |  in |    1|    axis    |   in_data_A_9_id_V  |    pointer   |
|in_data_A_10_TID        |  in |    1|    axis    |  in_data_A_10_id_V  |    pointer   |
|in_data_A_11_TID        |  in |    1|    axis    |  in_data_A_11_id_V  |    pointer   |
|in_data_A_12_TID        |  in |    1|    axis    |  in_data_A_12_id_V  |    pointer   |
|in_data_A_13_TID        |  in |    1|    axis    |  in_data_A_13_id_V  |    pointer   |
|in_data_A_14_TID        |  in |    1|    axis    |  in_data_A_14_id_V  |    pointer   |
|in_data_A_15_TID        |  in |    1|    axis    |  in_data_A_15_id_V  |    pointer   |
|in_data_B_0_TDATA       |  in |   32|    axis    |  in_data_B_0_data_V |    pointer   |
|in_data_B_0_TVALID      |  in |    1|    axis    |  in_data_B_0_dest_V |    pointer   |
|in_data_B_0_TREADY      | out |    1|    axis    |  in_data_B_0_dest_V |    pointer   |
|in_data_B_0_TDEST       |  in |    1|    axis    |  in_data_B_0_dest_V |    pointer   |
|in_data_B_1_TDATA       |  in |   32|    axis    |  in_data_B_1_data_V |    pointer   |
|in_data_B_1_TVALID      |  in |    1|    axis    |  in_data_B_1_dest_V |    pointer   |
|in_data_B_1_TREADY      | out |    1|    axis    |  in_data_B_1_dest_V |    pointer   |
|in_data_B_1_TDEST       |  in |    1|    axis    |  in_data_B_1_dest_V |    pointer   |
|in_data_B_2_TDATA       |  in |   32|    axis    |  in_data_B_2_data_V |    pointer   |
|in_data_B_2_TVALID      |  in |    1|    axis    |  in_data_B_2_dest_V |    pointer   |
|in_data_B_2_TREADY      | out |    1|    axis    |  in_data_B_2_dest_V |    pointer   |
|in_data_B_2_TDEST       |  in |    1|    axis    |  in_data_B_2_dest_V |    pointer   |
|in_data_B_3_TDATA       |  in |   32|    axis    |  in_data_B_3_data_V |    pointer   |
|in_data_B_3_TVALID      |  in |    1|    axis    |  in_data_B_3_dest_V |    pointer   |
|in_data_B_3_TREADY      | out |    1|    axis    |  in_data_B_3_dest_V |    pointer   |
|in_data_B_3_TDEST       |  in |    1|    axis    |  in_data_B_3_dest_V |    pointer   |
|in_data_B_4_TDATA       |  in |   32|    axis    |  in_data_B_4_data_V |    pointer   |
|in_data_B_4_TVALID      |  in |    1|    axis    |  in_data_B_4_dest_V |    pointer   |
|in_data_B_4_TREADY      | out |    1|    axis    |  in_data_B_4_dest_V |    pointer   |
|in_data_B_4_TDEST       |  in |    1|    axis    |  in_data_B_4_dest_V |    pointer   |
|in_data_B_5_TDATA       |  in |   32|    axis    |  in_data_B_5_data_V |    pointer   |
|in_data_B_5_TVALID      |  in |    1|    axis    |  in_data_B_5_dest_V |    pointer   |
|in_data_B_5_TREADY      | out |    1|    axis    |  in_data_B_5_dest_V |    pointer   |
|in_data_B_5_TDEST       |  in |    1|    axis    |  in_data_B_5_dest_V |    pointer   |
|in_data_B_6_TDATA       |  in |   32|    axis    |  in_data_B_6_data_V |    pointer   |
|in_data_B_6_TVALID      |  in |    1|    axis    |  in_data_B_6_dest_V |    pointer   |
|in_data_B_6_TREADY      | out |    1|    axis    |  in_data_B_6_dest_V |    pointer   |
|in_data_B_6_TDEST       |  in |    1|    axis    |  in_data_B_6_dest_V |    pointer   |
|in_data_B_7_TDATA       |  in |   32|    axis    |  in_data_B_7_data_V |    pointer   |
|in_data_B_7_TVALID      |  in |    1|    axis    |  in_data_B_7_dest_V |    pointer   |
|in_data_B_7_TREADY      | out |    1|    axis    |  in_data_B_7_dest_V |    pointer   |
|in_data_B_7_TDEST       |  in |    1|    axis    |  in_data_B_7_dest_V |    pointer   |
|in_data_B_8_TDATA       |  in |   32|    axis    |  in_data_B_8_data_V |    pointer   |
|in_data_B_8_TVALID      |  in |    1|    axis    |  in_data_B_8_dest_V |    pointer   |
|in_data_B_8_TREADY      | out |    1|    axis    |  in_data_B_8_dest_V |    pointer   |
|in_data_B_8_TDEST       |  in |    1|    axis    |  in_data_B_8_dest_V |    pointer   |
|in_data_B_9_TDATA       |  in |   32|    axis    |  in_data_B_9_data_V |    pointer   |
|in_data_B_9_TVALID      |  in |    1|    axis    |  in_data_B_9_dest_V |    pointer   |
|in_data_B_9_TREADY      | out |    1|    axis    |  in_data_B_9_dest_V |    pointer   |
|in_data_B_9_TDEST       |  in |    1|    axis    |  in_data_B_9_dest_V |    pointer   |
|in_data_B_10_TDATA      |  in |   32|    axis    | in_data_B_10_data_V |    pointer   |
|in_data_B_10_TVALID     |  in |    1|    axis    | in_data_B_10_dest_V |    pointer   |
|in_data_B_10_TREADY     | out |    1|    axis    | in_data_B_10_dest_V |    pointer   |
|in_data_B_10_TDEST      |  in |    1|    axis    | in_data_B_10_dest_V |    pointer   |
|in_data_B_11_TDATA      |  in |   32|    axis    | in_data_B_11_data_V |    pointer   |
|in_data_B_11_TVALID     |  in |    1|    axis    | in_data_B_11_dest_V |    pointer   |
|in_data_B_11_TREADY     | out |    1|    axis    | in_data_B_11_dest_V |    pointer   |
|in_data_B_11_TDEST      |  in |    1|    axis    | in_data_B_11_dest_V |    pointer   |
|in_data_B_12_TDATA      |  in |   32|    axis    | in_data_B_12_data_V |    pointer   |
|in_data_B_12_TVALID     |  in |    1|    axis    | in_data_B_12_dest_V |    pointer   |
|in_data_B_12_TREADY     | out |    1|    axis    | in_data_B_12_dest_V |    pointer   |
|in_data_B_12_TDEST      |  in |    1|    axis    | in_data_B_12_dest_V |    pointer   |
|in_data_B_13_TDATA      |  in |   32|    axis    | in_data_B_13_data_V |    pointer   |
|in_data_B_13_TVALID     |  in |    1|    axis    | in_data_B_13_dest_V |    pointer   |
|in_data_B_13_TREADY     | out |    1|    axis    | in_data_B_13_dest_V |    pointer   |
|in_data_B_13_TDEST      |  in |    1|    axis    | in_data_B_13_dest_V |    pointer   |
|in_data_B_14_TDATA      |  in |   32|    axis    | in_data_B_14_data_V |    pointer   |
|in_data_B_14_TVALID     |  in |    1|    axis    | in_data_B_14_dest_V |    pointer   |
|in_data_B_14_TREADY     | out |    1|    axis    | in_data_B_14_dest_V |    pointer   |
|in_data_B_14_TDEST      |  in |    1|    axis    | in_data_B_14_dest_V |    pointer   |
|in_data_B_15_TDATA      |  in |   32|    axis    | in_data_B_15_data_V |    pointer   |
|in_data_B_15_TVALID     |  in |    1|    axis    | in_data_B_15_dest_V |    pointer   |
|in_data_B_15_TREADY     | out |    1|    axis    | in_data_B_15_dest_V |    pointer   |
|in_data_B_15_TDEST      |  in |    1|    axis    | in_data_B_15_dest_V |    pointer   |
|in_data_B_0_TKEEP       |  in |    4|    axis    |  in_data_B_0_keep_V |    pointer   |
|in_data_B_1_TKEEP       |  in |    4|    axis    |  in_data_B_1_keep_V |    pointer   |
|in_data_B_2_TKEEP       |  in |    4|    axis    |  in_data_B_2_keep_V |    pointer   |
|in_data_B_3_TKEEP       |  in |    4|    axis    |  in_data_B_3_keep_V |    pointer   |
|in_data_B_4_TKEEP       |  in |    4|    axis    |  in_data_B_4_keep_V |    pointer   |
|in_data_B_5_TKEEP       |  in |    4|    axis    |  in_data_B_5_keep_V |    pointer   |
|in_data_B_6_TKEEP       |  in |    4|    axis    |  in_data_B_6_keep_V |    pointer   |
|in_data_B_7_TKEEP       |  in |    4|    axis    |  in_data_B_7_keep_V |    pointer   |
|in_data_B_8_TKEEP       |  in |    4|    axis    |  in_data_B_8_keep_V |    pointer   |
|in_data_B_9_TKEEP       |  in |    4|    axis    |  in_data_B_9_keep_V |    pointer   |
|in_data_B_10_TKEEP      |  in |    4|    axis    | in_data_B_10_keep_V |    pointer   |
|in_data_B_11_TKEEP      |  in |    4|    axis    | in_data_B_11_keep_V |    pointer   |
|in_data_B_12_TKEEP      |  in |    4|    axis    | in_data_B_12_keep_V |    pointer   |
|in_data_B_13_TKEEP      |  in |    4|    axis    | in_data_B_13_keep_V |    pointer   |
|in_data_B_14_TKEEP      |  in |    4|    axis    | in_data_B_14_keep_V |    pointer   |
|in_data_B_15_TKEEP      |  in |    4|    axis    | in_data_B_15_keep_V |    pointer   |
|in_data_B_0_TSTRB       |  in |    4|    axis    |  in_data_B_0_strb_V |    pointer   |
|in_data_B_1_TSTRB       |  in |    4|    axis    |  in_data_B_1_strb_V |    pointer   |
|in_data_B_2_TSTRB       |  in |    4|    axis    |  in_data_B_2_strb_V |    pointer   |
|in_data_B_3_TSTRB       |  in |    4|    axis    |  in_data_B_3_strb_V |    pointer   |
|in_data_B_4_TSTRB       |  in |    4|    axis    |  in_data_B_4_strb_V |    pointer   |
|in_data_B_5_TSTRB       |  in |    4|    axis    |  in_data_B_5_strb_V |    pointer   |
|in_data_B_6_TSTRB       |  in |    4|    axis    |  in_data_B_6_strb_V |    pointer   |
|in_data_B_7_TSTRB       |  in |    4|    axis    |  in_data_B_7_strb_V |    pointer   |
|in_data_B_8_TSTRB       |  in |    4|    axis    |  in_data_B_8_strb_V |    pointer   |
|in_data_B_9_TSTRB       |  in |    4|    axis    |  in_data_B_9_strb_V |    pointer   |
|in_data_B_10_TSTRB      |  in |    4|    axis    | in_data_B_10_strb_V |    pointer   |
|in_data_B_11_TSTRB      |  in |    4|    axis    | in_data_B_11_strb_V |    pointer   |
|in_data_B_12_TSTRB      |  in |    4|    axis    | in_data_B_12_strb_V |    pointer   |
|in_data_B_13_TSTRB      |  in |    4|    axis    | in_data_B_13_strb_V |    pointer   |
|in_data_B_14_TSTRB      |  in |    4|    axis    | in_data_B_14_strb_V |    pointer   |
|in_data_B_15_TSTRB      |  in |    4|    axis    | in_data_B_15_strb_V |    pointer   |
|in_data_B_0_TUSER       |  in |    1|    axis    |  in_data_B_0_user_V |    pointer   |
|in_data_B_1_TUSER       |  in |    1|    axis    |  in_data_B_1_user_V |    pointer   |
|in_data_B_2_TUSER       |  in |    1|    axis    |  in_data_B_2_user_V |    pointer   |
|in_data_B_3_TUSER       |  in |    1|    axis    |  in_data_B_3_user_V |    pointer   |
|in_data_B_4_TUSER       |  in |    1|    axis    |  in_data_B_4_user_V |    pointer   |
|in_data_B_5_TUSER       |  in |    1|    axis    |  in_data_B_5_user_V |    pointer   |
|in_data_B_6_TUSER       |  in |    1|    axis    |  in_data_B_6_user_V |    pointer   |
|in_data_B_7_TUSER       |  in |    1|    axis    |  in_data_B_7_user_V |    pointer   |
|in_data_B_8_TUSER       |  in |    1|    axis    |  in_data_B_8_user_V |    pointer   |
|in_data_B_9_TUSER       |  in |    1|    axis    |  in_data_B_9_user_V |    pointer   |
|in_data_B_10_TUSER      |  in |    1|    axis    | in_data_B_10_user_V |    pointer   |
|in_data_B_11_TUSER      |  in |    1|    axis    | in_data_B_11_user_V |    pointer   |
|in_data_B_12_TUSER      |  in |    1|    axis    | in_data_B_12_user_V |    pointer   |
|in_data_B_13_TUSER      |  in |    1|    axis    | in_data_B_13_user_V |    pointer   |
|in_data_B_14_TUSER      |  in |    1|    axis    | in_data_B_14_user_V |    pointer   |
|in_data_B_15_TUSER      |  in |    1|    axis    | in_data_B_15_user_V |    pointer   |
|in_data_B_0_TLAST       |  in |    1|    axis    |  in_data_B_0_last_V |    pointer   |
|in_data_B_1_TLAST       |  in |    1|    axis    |  in_data_B_1_last_V |    pointer   |
|in_data_B_2_TLAST       |  in |    1|    axis    |  in_data_B_2_last_V |    pointer   |
|in_data_B_3_TLAST       |  in |    1|    axis    |  in_data_B_3_last_V |    pointer   |
|in_data_B_4_TLAST       |  in |    1|    axis    |  in_data_B_4_last_V |    pointer   |
|in_data_B_5_TLAST       |  in |    1|    axis    |  in_data_B_5_last_V |    pointer   |
|in_data_B_6_TLAST       |  in |    1|    axis    |  in_data_B_6_last_V |    pointer   |
|in_data_B_7_TLAST       |  in |    1|    axis    |  in_data_B_7_last_V |    pointer   |
|in_data_B_8_TLAST       |  in |    1|    axis    |  in_data_B_8_last_V |    pointer   |
|in_data_B_9_TLAST       |  in |    1|    axis    |  in_data_B_9_last_V |    pointer   |
|in_data_B_10_TLAST      |  in |    1|    axis    | in_data_B_10_last_V |    pointer   |
|in_data_B_11_TLAST      |  in |    1|    axis    | in_data_B_11_last_V |    pointer   |
|in_data_B_12_TLAST      |  in |    1|    axis    | in_data_B_12_last_V |    pointer   |
|in_data_B_13_TLAST      |  in |    1|    axis    | in_data_B_13_last_V |    pointer   |
|in_data_B_14_TLAST      |  in |    1|    axis    | in_data_B_14_last_V |    pointer   |
|in_data_B_15_TLAST      |  in |    1|    axis    | in_data_B_15_last_V |    pointer   |
|in_data_B_0_TID         |  in |    1|    axis    |   in_data_B_0_id_V  |    pointer   |
|in_data_B_1_TID         |  in |    1|    axis    |   in_data_B_1_id_V  |    pointer   |
|in_data_B_2_TID         |  in |    1|    axis    |   in_data_B_2_id_V  |    pointer   |
|in_data_B_3_TID         |  in |    1|    axis    |   in_data_B_3_id_V  |    pointer   |
|in_data_B_4_TID         |  in |    1|    axis    |   in_data_B_4_id_V  |    pointer   |
|in_data_B_5_TID         |  in |    1|    axis    |   in_data_B_5_id_V  |    pointer   |
|in_data_B_6_TID         |  in |    1|    axis    |   in_data_B_6_id_V  |    pointer   |
|in_data_B_7_TID         |  in |    1|    axis    |   in_data_B_7_id_V  |    pointer   |
|in_data_B_8_TID         |  in |    1|    axis    |   in_data_B_8_id_V  |    pointer   |
|in_data_B_9_TID         |  in |    1|    axis    |   in_data_B_9_id_V  |    pointer   |
|in_data_B_10_TID        |  in |    1|    axis    |  in_data_B_10_id_V  |    pointer   |
|in_data_B_11_TID        |  in |    1|    axis    |  in_data_B_11_id_V  |    pointer   |
|in_data_B_12_TID        |  in |    1|    axis    |  in_data_B_12_id_V  |    pointer   |
|in_data_B_13_TID        |  in |    1|    axis    |  in_data_B_13_id_V  |    pointer   |
|in_data_B_14_TID        |  in |    1|    axis    |  in_data_B_14_id_V  |    pointer   |
|in_data_B_15_TID        |  in |    1|    axis    |  in_data_B_15_id_V  |    pointer   |
|out_data_0_TDATA        | out |   32|    axis    |  out_data_0_data_V  |    pointer   |
|out_data_0_TVALID       | out |    1|    axis    |  out_data_0_dest_V  |    pointer   |
|out_data_0_TREADY       |  in |    1|    axis    |  out_data_0_dest_V  |    pointer   |
|out_data_0_TDEST        | out |    1|    axis    |  out_data_0_dest_V  |    pointer   |
|out_data_1_TDATA        | out |   32|    axis    |  out_data_1_data_V  |    pointer   |
|out_data_1_TVALID       | out |    1|    axis    |  out_data_1_dest_V  |    pointer   |
|out_data_1_TREADY       |  in |    1|    axis    |  out_data_1_dest_V  |    pointer   |
|out_data_1_TDEST        | out |    1|    axis    |  out_data_1_dest_V  |    pointer   |
|out_data_2_TDATA        | out |   32|    axis    |  out_data_2_data_V  |    pointer   |
|out_data_2_TVALID       | out |    1|    axis    |  out_data_2_dest_V  |    pointer   |
|out_data_2_TREADY       |  in |    1|    axis    |  out_data_2_dest_V  |    pointer   |
|out_data_2_TDEST        | out |    1|    axis    |  out_data_2_dest_V  |    pointer   |
|out_data_3_TDATA        | out |   32|    axis    |  out_data_3_data_V  |    pointer   |
|out_data_3_TVALID       | out |    1|    axis    |  out_data_3_dest_V  |    pointer   |
|out_data_3_TREADY       |  in |    1|    axis    |  out_data_3_dest_V  |    pointer   |
|out_data_3_TDEST        | out |    1|    axis    |  out_data_3_dest_V  |    pointer   |
|out_data_4_TDATA        | out |   32|    axis    |  out_data_4_data_V  |    pointer   |
|out_data_4_TVALID       | out |    1|    axis    |  out_data_4_dest_V  |    pointer   |
|out_data_4_TREADY       |  in |    1|    axis    |  out_data_4_dest_V  |    pointer   |
|out_data_4_TDEST        | out |    1|    axis    |  out_data_4_dest_V  |    pointer   |
|out_data_5_TDATA        | out |   32|    axis    |  out_data_5_data_V  |    pointer   |
|out_data_5_TVALID       | out |    1|    axis    |  out_data_5_dest_V  |    pointer   |
|out_data_5_TREADY       |  in |    1|    axis    |  out_data_5_dest_V  |    pointer   |
|out_data_5_TDEST        | out |    1|    axis    |  out_data_5_dest_V  |    pointer   |
|out_data_6_TDATA        | out |   32|    axis    |  out_data_6_data_V  |    pointer   |
|out_data_6_TVALID       | out |    1|    axis    |  out_data_6_dest_V  |    pointer   |
|out_data_6_TREADY       |  in |    1|    axis    |  out_data_6_dest_V  |    pointer   |
|out_data_6_TDEST        | out |    1|    axis    |  out_data_6_dest_V  |    pointer   |
|out_data_7_TDATA        | out |   32|    axis    |  out_data_7_data_V  |    pointer   |
|out_data_7_TVALID       | out |    1|    axis    |  out_data_7_dest_V  |    pointer   |
|out_data_7_TREADY       |  in |    1|    axis    |  out_data_7_dest_V  |    pointer   |
|out_data_7_TDEST        | out |    1|    axis    |  out_data_7_dest_V  |    pointer   |
|out_data_8_TDATA        | out |   32|    axis    |  out_data_8_data_V  |    pointer   |
|out_data_8_TVALID       | out |    1|    axis    |  out_data_8_dest_V  |    pointer   |
|out_data_8_TREADY       |  in |    1|    axis    |  out_data_8_dest_V  |    pointer   |
|out_data_8_TDEST        | out |    1|    axis    |  out_data_8_dest_V  |    pointer   |
|out_data_9_TDATA        | out |   32|    axis    |  out_data_9_data_V  |    pointer   |
|out_data_9_TVALID       | out |    1|    axis    |  out_data_9_dest_V  |    pointer   |
|out_data_9_TREADY       |  in |    1|    axis    |  out_data_9_dest_V  |    pointer   |
|out_data_9_TDEST        | out |    1|    axis    |  out_data_9_dest_V  |    pointer   |
|out_data_10_TDATA       | out |   32|    axis    |  out_data_10_data_V |    pointer   |
|out_data_10_TVALID      | out |    1|    axis    |  out_data_10_dest_V |    pointer   |
|out_data_10_TREADY      |  in |    1|    axis    |  out_data_10_dest_V |    pointer   |
|out_data_10_TDEST       | out |    1|    axis    |  out_data_10_dest_V |    pointer   |
|out_data_11_TDATA       | out |   32|    axis    |  out_data_11_data_V |    pointer   |
|out_data_11_TVALID      | out |    1|    axis    |  out_data_11_dest_V |    pointer   |
|out_data_11_TREADY      |  in |    1|    axis    |  out_data_11_dest_V |    pointer   |
|out_data_11_TDEST       | out |    1|    axis    |  out_data_11_dest_V |    pointer   |
|out_data_12_TDATA       | out |   32|    axis    |  out_data_12_data_V |    pointer   |
|out_data_12_TVALID      | out |    1|    axis    |  out_data_12_dest_V |    pointer   |
|out_data_12_TREADY      |  in |    1|    axis    |  out_data_12_dest_V |    pointer   |
|out_data_12_TDEST       | out |    1|    axis    |  out_data_12_dest_V |    pointer   |
|out_data_13_TDATA       | out |   32|    axis    |  out_data_13_data_V |    pointer   |
|out_data_13_TVALID      | out |    1|    axis    |  out_data_13_dest_V |    pointer   |
|out_data_13_TREADY      |  in |    1|    axis    |  out_data_13_dest_V |    pointer   |
|out_data_13_TDEST       | out |    1|    axis    |  out_data_13_dest_V |    pointer   |
|out_data_14_TDATA       | out |   32|    axis    |  out_data_14_data_V |    pointer   |
|out_data_14_TVALID      | out |    1|    axis    |  out_data_14_dest_V |    pointer   |
|out_data_14_TREADY      |  in |    1|    axis    |  out_data_14_dest_V |    pointer   |
|out_data_14_TDEST       | out |    1|    axis    |  out_data_14_dest_V |    pointer   |
|out_data_15_TDATA       | out |   32|    axis    |  out_data_15_data_V |    pointer   |
|out_data_15_TVALID      | out |    1|    axis    |  out_data_15_dest_V |    pointer   |
|out_data_15_TREADY      |  in |    1|    axis    |  out_data_15_dest_V |    pointer   |
|out_data_15_TDEST       | out |    1|    axis    |  out_data_15_dest_V |    pointer   |
|out_data_0_TKEEP        | out |    4|    axis    |  out_data_0_keep_V  |    pointer   |
|out_data_1_TKEEP        | out |    4|    axis    |  out_data_1_keep_V  |    pointer   |
|out_data_2_TKEEP        | out |    4|    axis    |  out_data_2_keep_V  |    pointer   |
|out_data_3_TKEEP        | out |    4|    axis    |  out_data_3_keep_V  |    pointer   |
|out_data_4_TKEEP        | out |    4|    axis    |  out_data_4_keep_V  |    pointer   |
|out_data_5_TKEEP        | out |    4|    axis    |  out_data_5_keep_V  |    pointer   |
|out_data_6_TKEEP        | out |    4|    axis    |  out_data_6_keep_V  |    pointer   |
|out_data_7_TKEEP        | out |    4|    axis    |  out_data_7_keep_V  |    pointer   |
|out_data_8_TKEEP        | out |    4|    axis    |  out_data_8_keep_V  |    pointer   |
|out_data_9_TKEEP        | out |    4|    axis    |  out_data_9_keep_V  |    pointer   |
|out_data_10_TKEEP       | out |    4|    axis    |  out_data_10_keep_V |    pointer   |
|out_data_11_TKEEP       | out |    4|    axis    |  out_data_11_keep_V |    pointer   |
|out_data_12_TKEEP       | out |    4|    axis    |  out_data_12_keep_V |    pointer   |
|out_data_13_TKEEP       | out |    4|    axis    |  out_data_13_keep_V |    pointer   |
|out_data_14_TKEEP       | out |    4|    axis    |  out_data_14_keep_V |    pointer   |
|out_data_15_TKEEP       | out |    4|    axis    |  out_data_15_keep_V |    pointer   |
|out_data_0_TSTRB        | out |    4|    axis    |  out_data_0_strb_V  |    pointer   |
|out_data_1_TSTRB        | out |    4|    axis    |  out_data_1_strb_V  |    pointer   |
|out_data_2_TSTRB        | out |    4|    axis    |  out_data_2_strb_V  |    pointer   |
|out_data_3_TSTRB        | out |    4|    axis    |  out_data_3_strb_V  |    pointer   |
|out_data_4_TSTRB        | out |    4|    axis    |  out_data_4_strb_V  |    pointer   |
|out_data_5_TSTRB        | out |    4|    axis    |  out_data_5_strb_V  |    pointer   |
|out_data_6_TSTRB        | out |    4|    axis    |  out_data_6_strb_V  |    pointer   |
|out_data_7_TSTRB        | out |    4|    axis    |  out_data_7_strb_V  |    pointer   |
|out_data_8_TSTRB        | out |    4|    axis    |  out_data_8_strb_V  |    pointer   |
|out_data_9_TSTRB        | out |    4|    axis    |  out_data_9_strb_V  |    pointer   |
|out_data_10_TSTRB       | out |    4|    axis    |  out_data_10_strb_V |    pointer   |
|out_data_11_TSTRB       | out |    4|    axis    |  out_data_11_strb_V |    pointer   |
|out_data_12_TSTRB       | out |    4|    axis    |  out_data_12_strb_V |    pointer   |
|out_data_13_TSTRB       | out |    4|    axis    |  out_data_13_strb_V |    pointer   |
|out_data_14_TSTRB       | out |    4|    axis    |  out_data_14_strb_V |    pointer   |
|out_data_15_TSTRB       | out |    4|    axis    |  out_data_15_strb_V |    pointer   |
|out_data_0_TUSER        | out |    1|    axis    |  out_data_0_user_V  |    pointer   |
|out_data_1_TUSER        | out |    1|    axis    |  out_data_1_user_V  |    pointer   |
|out_data_2_TUSER        | out |    1|    axis    |  out_data_2_user_V  |    pointer   |
|out_data_3_TUSER        | out |    1|    axis    |  out_data_3_user_V  |    pointer   |
|out_data_4_TUSER        | out |    1|    axis    |  out_data_4_user_V  |    pointer   |
|out_data_5_TUSER        | out |    1|    axis    |  out_data_5_user_V  |    pointer   |
|out_data_6_TUSER        | out |    1|    axis    |  out_data_6_user_V  |    pointer   |
|out_data_7_TUSER        | out |    1|    axis    |  out_data_7_user_V  |    pointer   |
|out_data_8_TUSER        | out |    1|    axis    |  out_data_8_user_V  |    pointer   |
|out_data_9_TUSER        | out |    1|    axis    |  out_data_9_user_V  |    pointer   |
|out_data_10_TUSER       | out |    1|    axis    |  out_data_10_user_V |    pointer   |
|out_data_11_TUSER       | out |    1|    axis    |  out_data_11_user_V |    pointer   |
|out_data_12_TUSER       | out |    1|    axis    |  out_data_12_user_V |    pointer   |
|out_data_13_TUSER       | out |    1|    axis    |  out_data_13_user_V |    pointer   |
|out_data_14_TUSER       | out |    1|    axis    |  out_data_14_user_V |    pointer   |
|out_data_15_TUSER       | out |    1|    axis    |  out_data_15_user_V |    pointer   |
|out_data_0_TLAST        | out |    1|    axis    |  out_data_0_last_V  |    pointer   |
|out_data_1_TLAST        | out |    1|    axis    |  out_data_1_last_V  |    pointer   |
|out_data_2_TLAST        | out |    1|    axis    |  out_data_2_last_V  |    pointer   |
|out_data_3_TLAST        | out |    1|    axis    |  out_data_3_last_V  |    pointer   |
|out_data_4_TLAST        | out |    1|    axis    |  out_data_4_last_V  |    pointer   |
|out_data_5_TLAST        | out |    1|    axis    |  out_data_5_last_V  |    pointer   |
|out_data_6_TLAST        | out |    1|    axis    |  out_data_6_last_V  |    pointer   |
|out_data_7_TLAST        | out |    1|    axis    |  out_data_7_last_V  |    pointer   |
|out_data_8_TLAST        | out |    1|    axis    |  out_data_8_last_V  |    pointer   |
|out_data_9_TLAST        | out |    1|    axis    |  out_data_9_last_V  |    pointer   |
|out_data_10_TLAST       | out |    1|    axis    |  out_data_10_last_V |    pointer   |
|out_data_11_TLAST       | out |    1|    axis    |  out_data_11_last_V |    pointer   |
|out_data_12_TLAST       | out |    1|    axis    |  out_data_12_last_V |    pointer   |
|out_data_13_TLAST       | out |    1|    axis    |  out_data_13_last_V |    pointer   |
|out_data_14_TLAST       | out |    1|    axis    |  out_data_14_last_V |    pointer   |
|out_data_15_TLAST       | out |    1|    axis    |  out_data_15_last_V |    pointer   |
|out_data_0_TID          | out |    1|    axis    |   out_data_0_id_V   |    pointer   |
|out_data_1_TID          | out |    1|    axis    |   out_data_1_id_V   |    pointer   |
|out_data_2_TID          | out |    1|    axis    |   out_data_2_id_V   |    pointer   |
|out_data_3_TID          | out |    1|    axis    |   out_data_3_id_V   |    pointer   |
|out_data_4_TID          | out |    1|    axis    |   out_data_4_id_V   |    pointer   |
|out_data_5_TID          | out |    1|    axis    |   out_data_5_id_V   |    pointer   |
|out_data_6_TID          | out |    1|    axis    |   out_data_6_id_V   |    pointer   |
|out_data_7_TID          | out |    1|    axis    |   out_data_7_id_V   |    pointer   |
|out_data_8_TID          | out |    1|    axis    |   out_data_8_id_V   |    pointer   |
|out_data_9_TID          | out |    1|    axis    |   out_data_9_id_V   |    pointer   |
|out_data_10_TID         | out |    1|    axis    |   out_data_10_id_V  |    pointer   |
|out_data_11_TID         | out |    1|    axis    |   out_data_11_id_V  |    pointer   |
|out_data_12_TID         | out |    1|    axis    |   out_data_12_id_V  |    pointer   |
|out_data_13_TID         | out |    1|    axis    |   out_data_13_id_V  |    pointer   |
|out_data_14_TID         | out |    1|    axis    |   out_data_14_id_V  |    pointer   |
|out_data_15_TID         | out |    1|    axis    |   out_data_15_id_V  |    pointer   |
+------------------------+-----+-----+------------+---------------------+--------------+

